≡ƒÜÇ Starting Export Logic Verification...

≡ƒº¬ Test 1: SENIAT Export (Filtering)
Γ£à PASS: Correctly filtered only fiscal invoices.

≡ƒº¬ Test 2: General Export Logic
Γ£à PASS: General export logic considers all records.

≡ƒÅü Verification Complete.
